// Jest Snapshot v1, https://goo.gl/fbAQLP

exports[`components/Item/ItemPage should render Item page 1`] = `
<div>
  <Connect(Component) />
  <div
    className="item-main"
  >
    <Connect(ItemDetail)
      params={
        Object {
          "categoryID": 1,
          "userID": 2,
        }
      }
    />
  </div>
</div>
`;
