// Jest Snapshot v1, https://goo.gl/fbAQLP

exports[`src/components/commons/Category should render list-categories 1`] = `
<div
  className="category"
>
  <h2>
    Catagories
  </h2>
  <ul>
    <li
      key="1"
    >
      <Link
        onClick={[Function]}
        style={null}
        to="/category/1"
      >
        Category 1
      </Link>
    </li>
    <li
      key="2"
    >
      <Link
        onClick={[Function]}
        style={null}
        to="/category/2"
      >
        Category 2
      </Link>
    </li>
  </ul>
</div>
`;
