// Jest Snapshot v1, https://goo.gl/fbAQLP

exports[`src/components/user/UserItem should render add user's item  1`] = `
<div
  className="user-items"
>
  <Modal
    autoFocus={true}
    backdrop={true}
    backdropTransition={
      Object {
        "mountOnEnter": true,
        "timeout": 150,
      }
    }
    centered={false}
    fade={true}
    isOpen={false}
    keyboard={true}
    modalTransition={
      Object {
        "timeout": 300,
      }
    }
    onClosed={[Function]}
    onOpened={[Function]}
    role="dialog"
    toggle={[MockFunction]}
    zIndex={1050}
  >
    <ModalHeader
      charCode={215}
      closeAriaLabel="Close"
      tag="h5"
      toggle={[MockFunction]}
      wrapTag="div"
    >
      Delete item?
    </ModalHeader>
    <ModalBody
      tag="div"
    >
      <Button
        color="danger"
        onClick={[Function]}
        tag="button"
      >
        Delete
      </Button>
    </ModalBody>
  </Modal>
  <div
    className="main-user-header"
  >
    <h2>
      User's Items
    </h2>
    <img
      alt=""
      onClick={[MockFunction]}
      src="test-file-stub"
    />
  </div>
  <ul>
    <li
      className="user-item"
      key="1"
    >
      <div
        className="edit-delete"
      >
        <span>
          edit
        </span>
        <span
          className="delete"
          onClick={[Function]}
        >
          delete
        </span>
      </div>
      <Link
        to="/category/undefined/item/1"
      >
        <h3 />
      </Link>
      <p />
    </li>
  </ul>
</div>
`;
