// Jest Snapshot v1, https://goo.gl/fbAQLP

exports[`components/Layout/404 should render 404 page 1`] = `
<div
  className="stage"
>
  <div
    className="layer"
  />
  <div
    className="layer"
  />
  <div
    className="layer"
  />
  <div
    className="layer"
  />
  <div
    className="layer"
  />
  <div
    className="layer"
  />
  <div
    className="layer"
  />
  <div
    className="layer"
  />
  <div
    className="layer"
  />
  <div
    className="layer"
  />
  <div
    className="layer"
  />
  <div
    className="layer"
  />
  <div
    className="layer"
  />
  <div
    className="layer"
  />
  <div
    className="layer"
  />
  <div
    className="layer"
  />
  <div
    className="layer"
  />
  <div
    className="layer"
  />
  <div
    className="layer"
  />
  <div
    className="layer"
  />
</div>
`;
