// Jest Snapshot v1, https://goo.gl/fbAQLP

exports[`src/components/Layout/Header should render header 1`] = `
<div
  className="header"
>
  <div
    className="header-logo"
  >
    <Link
      to="/"
    >
      Catalog App
    </Link>
  </div>
  <div
    className="header-menu"
  >
    <Connect(Component) />
    <Connect(Component) />
    <Connect(Component) />
  </div>
</div>
`;

exports[`src/components/Layout/Header should render header with dropdown User 1`] = `
<div
  className="header"
>
  <div
    className="header-logo"
  >
    <Link
      to="/"
    >
      Catalog App
    </Link>
  </div>
  <div
    className="header-menu"
  >
    <Connect(Component) />
    <Connect(Component) />
  </div>
</div>
`;
