// Jest Snapshot v1, https://goo.gl/fbAQLP

exports[`components/Layout/ModalContainer should render addItem modal 1`] = `<LoadableComponent />`;

exports[`components/Layout/ModalContainer should render editItem modal 1`] = `<LoadableComponent />`;

exports[`components/Layout/ModalContainer should render login modal 1`] = `<LoadableComponent />`;

exports[`components/Layout/ModalContainer should render signup modal 1`] = `<LoadableComponent />`;
